#
# There is insufficient memory for the Java Runtime Environment to continue.
# Native memory allocation (malloc) failed to allocate 1048576 bytes. Error detail: AllocateHeap
# Possible reasons:
#   The system is out of physical RAM or swap space
#   This process is running with CompressedOops enabled, and the Java Heap may be blocking the growth of the native heap
# Possible solutions:
#   Reduce memory load on the system
#   Increase physical memory or swap space
#   Check if swap backing store is full
#   Decrease Java heap size (-Xmx/-Xms)
#   Decrease number of Java threads
#   Decrease Java thread stack sizes (-Xss)
#   Set larger code cache with -XX:ReservedCodeCacheSize=
#   JVM is running with Unscaled Compressed Oops mode in which the Java heap is
#     placed in the first 4GB address space. The Java Heap base address is the
#     maximum limit for the native heap growth. Please use -XX:HeapBaseMinAddress
#     to set the Java Heap base and to place the Java Heap above 4GB virtual address.
# This output file may be truncated or incomplete.
#
#  Out of Memory Error (allocation.cpp:44), pid=8960, tid=3844
#
# JRE version:  (21.0.10+1) (build )
# Java VM: OpenJDK 64-Bit Server VM (21.0.10+1-b1163.108, mixed mode, sharing, tiered, compressed oops, compressed class ptrs, g1 gc, windows-amd64)
# No core dump will be written. Minidumps are not enabled by default on client versions of Windows
#

---------------  S U M M A R Y ------------

Command Line: -Djava.rmi.server.hostname=127.0.0.1 -Duser.timezone=UTC -Xmx2048m -Xms128m --add-exports=java.desktop/sun.awt=ALL-UNNAMED --add-exports=java.desktop/java.awt.peer=ALL-UNNAMED --add-opens=java.desktop/java.awt=ALL-UNNAMED --add-opens=jdk.unsupported/sun.misc=ALL-UNNAMED --add-opens=java.base/java.nio=ALL-UNNAMED --add-opens=java.base/java.util=ALL-UNNAMED -Dfile.encoding=UTF-8 -Dsun.stdout.encoding=UTF-8 -Dsun.stderr.encoding=UTF-8 com.intellij.database.remote.RemoteJdbcServer org.postgresql.Driver

Host: Intel(R) Core(TM) i5-3210M CPU @ 2.50GHz, 4 cores, 7G,  Windows 11 , 64 bit Build 22000 (10.0.22000.282)
Time: Mon Mar 23 15:10:47 2026 GTB Standard Time elapsed time: 0.336046 seconds (0d 0h 0m 0s)

---------------  T H R E A D  ---------------

Current thread (0x00000205d9190ad0):  JavaThread "Unknown thread" [_thread_in_vm, id=3844, stack(0x0000008c82300000,0x0000008c82400000) (1024K)]

Stack: [0x0000008c82300000,0x0000008c82400000]
Native frames: (J=compiled Java code, j=interpreted, Vv=VM code, C=native code)
V  [jvm.dll+0x6ecf49]
V  [jvm.dll+0x8cbe73]
V  [jvm.dll+0x8ce49e]
V  [jvm.dll+0x8ceb83]
V  [jvm.dll+0x28b776]
V  [jvm.dll+0xc16b7]
V  [jvm.dll+0x337695]
V  [jvm.dll+0x8946dd]
V  [jvm.dll+0x3ce608]
V  [jvm.dll+0x87d658]
V  [jvm.dll+0x46322e]
V  [jvm.dll+0x464f11]
C  [jli.dll+0x52ab]
C  [ucrtbase.dll+0x26c0c]
C  [KERNEL32.DLL+0x154e0]
C  [ntdll.dll+0x485b]


---------------  P R O C E S S  ---------------

Threads class SMR info:
_java_thread_list=0x00007ff9975d52c8, length=0, elements={
}

Java Threads: ( => current thread )
Total: 0

Other Threads:

=>0x00000205d9190ad0 (exited) JavaThread "Unknown thread"    [_thread_in_vm, id=3844, stack(0x0000008c82300000,0x0000008c82400000) (1024K)]
Total: 1

Threads with active compile tasks:
Total: 0

VM state: not at safepoint (not fully initialized)

VM Mutex/Monitor currently owned by a thread: None

Heap address: 0x0000000000000000, size: 0 MB, Compressed Oops mode: 32-bit

CDS archive(s) mapped at: [0x0000000000000000-0x0000000000000000-0x0000000000000000), size 0, SharedBaseAddress: 0x0000000800000000, ArchiveRelocationMode: 1.
Narrow klass base: 0x0000000000000000, Narrow klass shift: 0, Narrow klass range: 0x0

GC Precious Log:
 CardTable entry size: 512
 Card Set container configuration: InlinePtr #cards 5 size 8 Array Of Cards #cards 12 size 40 Howl #buckets 4 coarsen threshold 1843 Howl Bitmap #cards 512 size 80 coarsen threshold 460 Card regions per heap region 1 cards per card region 2048

GC Heap History (0 events):
No events

Dll operation events (1 events):
Event: 0.141 Loaded shared library C:\Program Files\JetBrains\IntelliJ IDEA 2025.3.3\jbr\bin\java.dll

Deoptimization events (0 events):
No events

Classes loaded (0 events):
No events

Classes unloaded (0 events):
No events

Classes redefined (0 events):
No events

Internal exceptions (0 events):
No events

ZGC Phase Switch (0 events):
No events

VM Operations (0 events):
No events

Memory protections (0 events):
No events

Nmethod flushes (0 events):
No events

Events (0 events):
No events


Dynamic libraries:
0x00007ff718580000 - 0x00007ff71858a000 	C:\Program Files\JetBrains\IntelliJ IDEA 2025.3.3\jbr\bin\java.exe
0x00007ff9c0180000 - 0x00007ff9c0387000 	C:\Windows\SYSTEM32\ntdll.dll
0x00007ff9be5d0000 - 0x00007ff9be68d000 	C:\Windows\System32\KERNEL32.DLL
0x00007ff9bd8a0000 - 0x00007ff9bdc14000 	C:\Windows\System32\KERNELBASE.dll
0x00007ff9bd780000 - 0x00007ff9bd891000 	C:\Windows\System32\ucrtbase.dll
0x00007ff9b4020000 - 0x00007ff9b403b000 	C:\Program Files\JetBrains\IntelliJ IDEA 2025.3.3\jbr\bin\VCRUNTIME140.dll
0x00007ff9ac0d0000 - 0x00007ff9ac0e8000 	C:\Program Files\JetBrains\IntelliJ IDEA 2025.3.3\jbr\bin\jli.dll
0x00007ff9bf5f0000 - 0x00007ff9bf79c000 	C:\Windows\System32\USER32.dll
0x00007ff9bde70000 - 0x00007ff9bde96000 	C:\Windows\System32\win32u.dll
0x00007ff9be1b0000 - 0x00007ff9be1d9000 	C:\Windows\System32\GDI32.dll
0x00007ff9bdc90000 - 0x00007ff9bdda2000 	C:\Windows\System32\gdi32full.dll
0x00007ff9bd6e0000 - 0x00007ff9bd77d000 	C:\Windows\System32\msvcp_win.dll
0x00007ff9acbf0000 - 0x00007ff9ace95000 	C:\Windows\WinSxS\amd64_microsoft.windows.common-controls_6595b64144ccf1df_6.0.22000.120_none_9d947278b86cc467\COMCTL32.dll
0x00007ff9be7c0000 - 0x00007ff9be863000 	C:\Windows\System32\msvcrt.dll
0x00007ff9be8d0000 - 0x00007ff9be901000 	C:\Windows\System32\IMM32.DLL
0x00007ff9b90a0000 - 0x00007ff9b90ac000 	C:\Program Files\JetBrains\IntelliJ IDEA 2025.3.3\jbr\bin\vcruntime140_1.dll
0x00007ff9967c0000 - 0x00007ff99684d000 	C:\Program Files\JetBrains\IntelliJ IDEA 2025.3.3\jbr\bin\msvcp140.dll
0x00007ff996970000 - 0x00007ff99773d000 	C:\Program Files\JetBrains\IntelliJ IDEA 2025.3.3\jbr\bin\server\jvm.dll
0x00007ff9bf540000 - 0x00007ff9bf5ec000 	C:\Windows\System32\ADVAPI32.dll
0x00007ff9bf840000 - 0x00007ff9bf8dd000 	C:\Windows\System32\sechost.dll
0x00007ff9bead0000 - 0x00007ff9bebf1000 	C:\Windows\System32\RPCRT4.dll
0x00007ff9bf4d0000 - 0x00007ff9bf53f000 	C:\Windows\System32\WS2_32.dll
0x00007ff9b3460000 - 0x00007ff9b3493000 	C:\Windows\SYSTEM32\WINMM.dll
0x00007ff9ae4a0000 - 0x00007ff9ae4aa000 	C:\Windows\SYSTEM32\VERSION.dll
0x00007ff9bd530000 - 0x00007ff9bd57d000 	C:\Windows\SYSTEM32\POWRPROF.dll
0x00007ff9bd510000 - 0x00007ff9bd523000 	C:\Windows\SYSTEM32\UMPDC.dll
0x00007ff9bc780000 - 0x00007ff9bc798000 	C:\Windows\SYSTEM32\kernel.appcore.dll
0x00007ff9b4240000 - 0x00007ff9b424a000 	C:\Program Files\JetBrains\IntelliJ IDEA 2025.3.3\jbr\bin\jimage.dll
0x00007ff9b38f0000 - 0x00007ff9b3b11000 	C:\Windows\SYSTEM32\DBGHELP.DLL
0x00007ff9b3070000 - 0x00007ff9b30a1000 	C:\Windows\SYSTEM32\dbgcore.DLL
0x00007ff9bd660000 - 0x00007ff9bd6e0000 	C:\Windows\System32\bcryptPrimitives.dll
0x00007ff9b3650000 - 0x00007ff9b3670000 	C:\Program Files\JetBrains\IntelliJ IDEA 2025.3.3\jbr\bin\java.dll

JVMTI agents: none

dbghelp: loaded successfully - version: 4.0.5 - missing functions: none
symbol engine: initialized successfully - sym options: 0x614 - pdb path: .;C:\Program Files\JetBrains\IntelliJ IDEA 2025.3.3\jbr\bin;C:\Windows\SYSTEM32;C:\Windows\WinSxS\amd64_microsoft.windows.common-controls_6595b64144ccf1df_6.0.22000.120_none_9d947278b86cc467;C:\Program Files\JetBrains\IntelliJ IDEA 2025.3.3\jbr\bin\server

VM Arguments:
jvm_args: -Djava.rmi.server.hostname=127.0.0.1 -Duser.timezone=UTC -Xmx2048m -Xms128m --add-exports=java.desktop/sun.awt=ALL-UNNAMED --add-exports=java.desktop/java.awt.peer=ALL-UNNAMED --add-opens=java.desktop/java.awt=ALL-UNNAMED --add-opens=jdk.unsupported/sun.misc=ALL-UNNAMED --add-opens=java.base/java.nio=ALL-UNNAMED --add-opens=java.base/java.util=ALL-UNNAMED -Dfile.encoding=UTF-8 -Dsun.stdout.encoding=UTF-8 -Dsun.stderr.encoding=UTF-8 
java_command: com.intellij.database.remote.RemoteJdbcServer org.postgresql.Driver
java_class_path (initial): C:\Program Files\JetBrains\IntelliJ IDEA 2025.3.3\lib\util_rt.jar;C:\Program Files\JetBrains\IntelliJ IDEA 2025.3.3\lib\module-intellij.libraries.fastutil.jar;C:\Program Files\JetBrains\IntelliJ IDEA 2025.3.3\lib\groovy.jar;C:\Program Files\JetBrains\IntelliJ IDEA 2025.3.3\plugins\DatabaseTools\lib\modules\intellij.database.jdbcConsole.jar;C:\Program Files\JetBrains\IntelliJ IDEA 2025.3.3\lib\modules\intellij.grid.types.jar;C:\Program Files\JetBrains\IntelliJ IDEA 2025.3.3\lib\util.jar;C:\Program Files\JetBrains\IntelliJ IDEA 2025.3.3\lib\module-intellij.libraries.bouncy.castle.provider.jar
Launcher Type: SUN_STANDARD

[Global flags]
     intx CICompilerCount                          = 3                                         {product} {ergonomic}
     uint ConcGCThreads                            = 1                                         {product} {ergonomic}
     uint G1ConcRefinementThreads                  = 4                                         {product} {ergonomic}
   size_t G1HeapRegionSize                         = 1048576                                   {product} {ergonomic}
    uintx GCDrainStackTargetSize                   = 64                                        {product} {ergonomic}
   size_t InitialHeapSize                          = 134217728                                 {product} {command line}
   size_t MarkStackSize                            = 4194304                                   {product} {ergonomic}
   size_t MaxHeapSize                              = 2147483648                                {product} {command line}
   size_t MinHeapDeltaBytes                        = 1048576                                   {product} {ergonomic}
   size_t MinHeapSize                              = 134217728                                 {product} {command line}
    uintx NonNMethodCodeHeapSize                   = 5832780                                {pd product} {ergonomic}
    uintx NonProfiledCodeHeapSize                  = 122912730                              {pd product} {ergonomic}
    uintx ProfiledCodeHeapSize                     = 122912730                              {pd product} {ergonomic}
    uintx ReservedCodeCacheSize                    = 251658240                              {pd product} {ergonomic}
     bool SegmentedCodeCache                       = true                                      {product} {ergonomic}
   size_t SoftMaxHeapSize                          = 2147483648                             {manageable} {ergonomic}
     bool UseCompressedOops                        = true                           {product lp64_product} {ergonomic}
     bool UseG1GC                                  = true                                      {product} {ergonomic}
     bool UseLargePagesIndividualAllocation        = false                                  {pd product} {ergonomic}

Logging:
Log output configuration:
 #0: stdout all=warning uptime,level,tags foldmultilines=false
 #1: stderr all=off uptime,level,tags foldmultilines=false

Release file:
<release file has not been read>
Environment Variables:
JAVA_HOME=X:\Programe\jdk-25.0.2
PATH=X:\Programe\jdk-25.0.2\bin;C:\oraclexe\app\oracle\product\11.2.0\server\bin;C:\Windows\SYSTEM32;C:\Windows;C:\Windows\SYSTEM32\WBEM;C:\Windows\SYSTEM32\WINDOWSPOWERSHELL\V1.0\;C:\Windows\SYSTEM32\OPENSSH\;C:\Program Files\Lenovo\Bluetooth Software\;C:\Program Files\Lenovo\Bluetooth Software\syswow64;C:\Program Files\Tailscale\;C:\Program Files\Apollo;C:\Program Files\Apollo\tools;C:\Users\Admin\AppData\Local\Microsoft\WindowsApps;C:\Users\Admin\AppData\Local\Programs\Microsoft VS Code\bin
USERNAME=Admin
OS=Windows_NT
PROCESSOR_IDENTIFIER=Intel64 Family 6 Model 58 Stepping 9, GenuineIntel
TMP=C:\Users\Admin\AppData\Local\Temp
TEMP=C:\Users\Admin\AppData\Local\Temp




Periodic native trim disabled

JNI global refs:
JNI global refs: 0, weak refs: 0

JNI global refs memory usage: 0, weak refs: 0

Process memory usage:
Resident Set Size: 10112K (0% of 8060128K total physical memory with 551836K free physical memory)

OOME stack traces (most recent first):
Classloader memory used:

---------------  S Y S T E M  ---------------

OS:
 Windows 11 , 64 bit Build 22000 (10.0.22000.282)
OS uptime: 0 days 1:10 hours

CPU: total 4 (initial active 4) (2 cores per cpu, 2 threads per core) family 6 model 58 stepping 9 microcode 0x21, cx8, cmov, fxsr, ht, mmx, sse, sse2, sse3, ssse3, sse4.1, sse4.2, popcnt, tsc, tscinvbit, avx, aes, erms, clmul, vzeroupper, clflush, rdtscp, f16c
Processor Information for the first 4 processors :
  Max Mhz: 2501, Current Mhz: 2501, Mhz Limit: 2501

Memory: 4k page, system-wide physical 7871M (538M free)
TotalPageFile size 7871M (AvailPageFile size 23M)
current process WorkingSet (physical memory assigned to process): 9M, peak: 9M
current process commit charge ("private bytes"): 11M, peak: 11M

vm_info: OpenJDK 64-Bit Server VM (21.0.10+1-b1163.108) for windows-amd64 JRE (21.0.10+1-b1163.108), built on 2026-02-06 by "builduser" with MS VC++ 16.10 / 16.11 (VS2019)

END.
